
SQL*Plus: Release 12.1.0.2.0 Production on Wed Sep 18 19:48:37 2024

Copyright (c) 1982, 2014, Oracle.  All rights reserved.

Enter user-name: system
Enter password:
Last Successful login time: Tue Sep 17 2024 03:49:34 -07:00

Connected to:
Oracle Database 12c Enterprise Edition Release 12.1.0.2.0 - 64bit Production
With the Partitioning, OLAP, Advanced Analytics and Real Application Testing options

SQL> desc emp;
 Name                                      Null?    Type
 ----------------------------------------- -------- ----------------------------
 EMPLOYEE_ID                                        NUMBER(5)
 FIRST_NAME                                         VARCHAR2(50)
 LAST_NAME                                          VARCHAR2(50)
 EMAIL                                              VARCHAR2(100)
 HIRE_DATA                                          VARCHAR2(10)
 SALARY                                             NUMBER(8,2)
 DEPARTMENT_ID                                      NUMBER(10)

SQL> drop table emp;

Table dropped.

SQL> create table emp
  2  (
  3  ename varchar2(10),
  4  sal number(5),
  5  mgr varchar2(10)
  6  );

Table created.

SQL> create table dept
  2  (
  3  dname varchar2(10),
  4  loc varchar2(10)
  5  );

Table created.

SQL> create table members
  2  (
  3  gender varchar2(20);
gender varchar2(20)
                  *
ERROR at line 3:
ORA-00907: missing right parenthesis


SQL> create table members
  2  (
  3  gender varchar2(20),
  4  upperaclast_name varchar2(20)
  5  );

Table created.

SQL> create index i1 on emp(ename);

Index created.

SQL> create index i2 on emp(sal,mgr);

Index created.

SQL> create index i4 on emp(dname);
create index i4 on emp(dname)
                       *
ERROR at line 1:
ORA-00904: "DNAME": invalid identifier


SQL> create index i4 on dept(dname);

Index created.

SQL> create index i5 on emp(dname,loc);
create index i5 on emp(dname,loc)
                             *
ERROR at line 1:
ORA-00904: "LOC": invalid identifier


SQL> create unique index i4 on dept(dname);
create unique index i4 on dept(dname)
                    *
ERROR at line 1:
ORA-00955: name is already used by an existing object


SQL> drop index i4;

Index dropped.

SQL> create unique index i4 on dept(dname);

Index created.

SQL> create unique index i4 on dept(dname,loc);
create unique index i4 on dept(dname,loc)
                    *
ERROR at line 1:
ORA-00955: name is already used by an existing object


SQL> create unique index i5 on dept(dname,loc);

Index created.

SQL> create bitmap index i3 on members(gender);

Index created.

SQL> create bitmap index i5 on members(upperclast_name);
create bitmap index i5 on members(upperclast_name)
                                  *
ERROR at line 1:
ORA-00904: "UPPERCLAST_NAME": invalid identifier


SQL> create bitmap index i5 on members( upperaclast_name);
create bitmap index i5 on members( upperaclast_name)
                    *
ERROR at line 1:
ORA-00955: name is already used by an existing object


SQL> create bitmap index i6 on members( upperaclast_name);

Index created.

SQL> drop index i5;

Index dropped.

SQL>